<html>
<body>
<pre>
<h1>µVision Build Log</h1>
<h2>Project:</h2>
C:\Users\anjani\Documents\Reflect\ADC.uvproj
Project File Date:  12/20/2015

<h2>Output:</h2>
Build target 'Target 1'
compiling ADC.c...
ADC.c(20): warning:  #1-D: last line of file ends without a newline
ADC.c:    }
ADC.c:     ^
ADC.c: ADC.c: 1 warning, 0 errors
linking...
Program Size: Code=608 RO-data=16 RW-data=0 ZI-data=1256  
"ADC.axf" - 0 Error(s), 1 Warning(s).
Build target 'Target 1'
linking...
Program Size: Code=608 RO-data=16 RW-data=0 ZI-data=1256  
"ADC.axf" - 0 Error(s), 0 Warning(s).
Build target 'Target 1'
linking...
Program Size: Code=608 RO-data=16 RW-data=0 ZI-data=1256  
FromELF: creating hex file...
"ADC.axf" - 0 Error(s), 0 Warning(s).
Build target 'Target 1'
compiling ADC.c...
ADC.c(20): warning:  #1-D: last line of file ends without a newline
ADC.c:    }
ADC.c:     ^
ADC.c: ADC.c: 1 warning, 0 errors
linking...
Program Size: Code=608 RO-data=16 RW-data=0 ZI-data=1256  
FromELF: creating hex file...
"ADC.axf" - 0 Error(s), 1 Warning(s).
Build target 'Target 1'
compiling ADC.c...
ADC.c(20): warning:  #1-D: last line of file ends without a newline
ADC.c:    }
ADC.c:     ^
ADC.c: ADC.c: 1 warning, 0 errors
linking...
Program Size: Code=612 RO-data=16 RW-data=0 ZI-data=1256  
FromELF: creating hex file...
"ADC.axf" - 0 Error(s), 1 Warning(s).
Build target 'Target 1'
compiling ADC.c...
ADC.c(14): warning:  #61-D: integer operation result is out of range
ADC.c:           while(ADDR&(1<<31)!=(1<<31));
ADC.c:                          ^
ADC.c(14): warning:  #61-D: integer operation result is out of range
ADC.c:           while(ADDR&(1<<31)!=(1<<31));
ADC.c:                                   ^
ADC.c(20): warning:  #1-D: last line of file ends without a newline
ADC.c:    }
ADC.c:     ^
ADC.c: ADC.c: 3 warnings, 0 errors
linking...
Program Size: Code=612 RO-data=16 RW-data=0 ZI-data=1256  
FromELF: creating hex file...
"ADC.axf" - 0 Error(s), 3 Warning(s).
Build target 'Target 1'
compiling ADC.c...
ADC.c(14): warning:  #61-D: integer operation result is out of range
ADC.c:           while((ADDR&(1<<31))!=(1<<31));
ADC.c:                           ^
ADC.c(14): warning:  #68-D: integer conversion resulted in a change of sign
ADC.c:           while((ADDR&(1<<31))!=(1<<31));
ADC.c:                       ^
ADC.c(14): warning:  #61-D: integer operation result is out of range
ADC.c:           while((ADDR&(1<<31))!=(1<<31));
ADC.c:                                     ^
ADC.c(14): warning:  #68-D: integer conversion resulted in a change of sign
ADC.c:           while((ADDR&(1<<31))!=(1<<31));
ADC.c:                                 ^
ADC.c(20): warning:  #1-D: last line of file ends without a newline
ADC.c:    }
ADC.c:     ^
ADC.c: ADC.c: 5 warnings, 0 errors
linking...
Program Size: Code=612 RO-data=16 RW-data=0 ZI-data=1256  
FromELF: creating hex file...
"ADC.axf" - 0 Error(s), 5 Warning(s).
Build target 'Target 1'
compiling ADC.c...
ADC.c(16): warning:  #61-D: integer operation result is out of range
ADC.c:           while((ADDR&(1<<31))!=(1<<31));
ADC.c:                           ^
ADC.c(16): warning:  #68-D: integer conversion resulted in a change of sign
ADC.c:           while((ADDR&(1<<31))!=(1<<31));
ADC.c:                       ^
ADC.c(16): warning:  #61-D: integer operation result is out of range
ADC.c:           while((ADDR&(1<<31))!=(1<<31));
ADC.c:                                     ^
ADC.c(16): warning:  #68-D: integer conversion resulted in a change of sign
ADC.c:           while((ADDR&(1<<31))!=(1<<31));
ADC.c:                                 ^
ADC.c(22): warning:  #1-D: last line of file ends without a newline
ADC.c:    }
ADC.c:     ^
ADC.c: ADC.c: 5 warnings, 0 errors
linking...
Program Size: Code=632 RO-data=16 RW-data=0 ZI-data=1256  
FromELF: creating hex file...
"ADC.axf" - 0 Error(s), 5 Warning(s).
Build target 'Target 1'
compiling ADC.c...
ADC.c(16): warning:  #61-D: integer operation result is out of range
ADC.c:           while((ADDR&(1<<31))!=(1<<31));
ADC.c:                           ^
ADC.c(16): warning:  #68-D: integer conversion resulted in a change of sign
ADC.c:           while((ADDR&(1<<31))!=(1<<31));
ADC.c:                       ^
ADC.c(16): warning:  #61-D: integer operation result is out of range
ADC.c:           while((ADDR&(1<<31))!=(1<<31));
ADC.c:                                     ^
ADC.c(16): warning:  #68-D: integer conversion resulted in a change of sign
ADC.c:           while((ADDR&(1<<31))!=(1<<31));
ADC.c:                                 ^
ADC.c(22): warning:  #1-D: last line of file ends without a newline
ADC.c:    }
ADC.c:     ^
ADC.c: ADC.c: 5 warnings, 0 errors
linking...
Program Size: Code=632 RO-data=16 RW-data=0 ZI-data=1256  
FromELF: creating hex file...
"ADC.axf" - 0 Error(s), 5 Warning(s).
Build target 'Target 1'
compiling ADC.c...
ADC.c(16): warning:  #61-D: integer operation result is out of range
ADC.c:           while((ADDR&(1<<31))!=(1<<31));
ADC.c:                           ^
ADC.c(16): warning:  #68-D: integer conversion resulted in a change of sign
ADC.c:           while((ADDR&(1<<31))!=(1<<31));
ADC.c:                       ^
ADC.c(16): warning:  #61-D: integer operation result is out of range
ADC.c:           while((ADDR&(1<<31))!=(1<<31));
ADC.c:                                     ^
ADC.c(16): warning:  #68-D: integer conversion resulted in a change of sign
ADC.c:           while((ADDR&(1<<31))!=(1<<31));
ADC.c:                                 ^
ADC.c(22): warning:  #1-D: last line of file ends without a newline
ADC.c:    }
ADC.c:     ^
ADC.c: ADC.c: 5 warnings, 0 errors
linking...
Program Size: Code=632 RO-data=16 RW-data=0 ZI-data=1256  
FromELF: creating hex file...
"ADC.axf" - 0 Error(s), 5 Warning(s).
Build target 'Target 1'
compiling ADC.c...
ADC.c(22): warning:  #1-D: last line of file ends without a newline
ADC.c:    }
ADC.c:     ^
ADC.c: ADC.c: 1 warning, 0 errors
linking...
Program Size: Code=632 RO-data=16 RW-data=0 ZI-data=1256  
FromELF: creating hex file...
"ADC.axf" - 0 Error(s), 1 Warning(s).
Build target 'Target 1'
compiling ADC.c...
ADC.c(22): warning:  #1-D: last line of file ends without a newline
ADC.c:    }
ADC.c:     ^
ADC.c: ADC.c: 1 warning, 0 errors
linking...
Program Size: Code=632 RO-data=16 RW-data=0 ZI-data=1256  
FromELF: creating hex file...
"ADC.axf" - 0 Error(s), 1 Warning(s).
Build target 'Target 1'
linking...
Program Size: Code=632 RO-data=16 RW-data=0 ZI-data=1256  
FromELF: creating hex file...
"ADC.axf" - 0 Error(s), 0 Warning(s).
Build target 'Target 1'
compiling ADC.c...
ADC.c(22): warning:  #1-D: last line of file ends without a newline
ADC.c:    }
ADC.c:     ^
ADC.c: ADC.c: 1 warning, 0 errors
linking...
Program Size: Code=632 RO-data=16 RW-data=0 ZI-data=1256  
FromELF: creating hex file...
"ADC.axf" - 0 Error(s), 1 Warning(s).
Build target 'Target 1'
compiling ADC.c...
ADC.c(22): warning:  #1-D: last line of file ends without a newline
ADC.c:    }
ADC.c:     ^
ADC.c: ADC.c: 1 warning, 0 errors
linking...
Program Size: Code=632 RO-data=16 RW-data=0 ZI-data=1256  
FromELF: creating hex file...
"ADC.axf" - 0 Error(s), 1 Warning(s).
Build target 'Target 1'
compiling ADC.c...
ADC.c(22): warning:  #1-D: last line of file ends without a newline
ADC.c:    }
ADC.c:     ^
ADC.c: ADC.c: 1 warning, 0 errors
linking...
Program Size: Code=624 RO-data=16 RW-data=0 ZI-data=1256  
FromELF: creating hex file...
"ADC.axf" - 0 Error(s), 1 Warning(s).
Build target 'Target 1'
compiling ADC.c...
ADC.c(22): warning:  #1-D: last line of file ends without a newline
ADC.c:    }
ADC.c:     ^
ADC.c: ADC.c: 1 warning, 0 errors
linking...
Program Size: Code=624 RO-data=16 RW-data=0 ZI-data=1256  
FromELF: creating hex file...
"ADC.axf" - 0 Error(s), 1 Warning(s).
Build target 'Target 1'
compiling ADC.c...
ADC.c(22): warning:  #1-D: last line of file ends without a newline
ADC.c:    }
ADC.c:     ^
ADC.c: ADC.c: 1 warning, 0 errors
linking...
Program Size: Code=624 RO-data=16 RW-data=0 ZI-data=1256  
FromELF: creating hex file...
"ADC.axf" - 0 Error(s), 1 Warning(s).
Build target 'Target 1'
assembling Startup.s...
compiling ADC.c...
linking...
Program Size: Code=616 RO-data=16 RW-data=0 ZI-data=1256  
FromELF: creating hex file...
"ADC.axf" - 0 Error(s), 0 Warning(s).
Build target 'Target 1'
compiling ADC.c...
ADC.c(19): error:  #20: identifier "i" is undefined
ADC.c:   for(i;i<10000;i++);
ADC.c:       ^
ADC.c: ADC.c: 0 warnings, 1 error
Target not created
Build target 'Target 1'
compiling ADC.c...
ADC.c(19): warning:  #174-D: expression has no effect
ADC.c:   for(i;i<10000;i++);
ADC.c:       ^
ADC.c: ADC.c: 1 warning, 0 errors
linking...
Program Size: Code=620 RO-data=16 RW-data=0 ZI-data=1256  
FromELF: creating hex file...
"ADC.axf" - 0 Error(s), 1 Warning(s).
Build target 'Target 1'
compiling ADC.c...
linking...
Program Size: Code=624 RO-data=16 RW-data=0 ZI-data=1256  
FromELF: creating hex file...
"ADC.axf" - 0 Error(s), 0 Warning(s).
Build target 'Target 1'
compiling ADC.c...
linking...
Program Size: Code=624 RO-data=16 RW-data=0 ZI-data=1256  
FromELF: creating hex file...
"ADC.axf" - 0 Error(s), 0 Warning(s).
Build target 'Target 1'
compiling ADC.c...
linking...
Program Size: Code=624 RO-data=16 RW-data=0 ZI-data=1256  
FromELF: creating hex file...
"ADC.axf" - 0 Error(s), 0 Warning(s).
Build target 'Target 1'
compiling ADC.c...
linking...
Program Size: Code=624 RO-data=16 RW-data=0 ZI-data=1256  
FromELF: creating hex file...
"ADC.axf" - 0 Error(s), 0 Warning(s).
Build target 'Target 1'
compiling ADC.c...
ADC.c(32): error:  #20: identifier "DONE" is undefined
ADC.c:           DONE=1;
ADC.c:           ^
ADC.c: ADC.c: 0 warnings, 1 error
Target not created
Build target 'Target 1'
compiling ADC.c...
linking...
Program Size: Code=624 RO-data=16 RW-data=0 ZI-data=1256  
FromELF: creating hex file...
"ADC.axf" - 0 Error(s), 0 Warning(s).
