<html>
<body>
<pre>
<h1>µVision Build Log</h1>
<h2>Project:</h2>
C:\Users\anjani\Documents\Reflect\RevisedSegment.uvproj
Project File Date:  12/16/2015

<h2>Output:</h2>
Build target 'Target 1'
compiling RevisedSegment.c...
linking...
Program Size: Code=772 RO-data=16 RW-data=0 ZI-data=1256  
FromELF: creating hex file...
"RevisedSegment.axf" - 0 Error(s), 0 Warning(s).
Build target 'Target 1'
compiling RevisedSegment.c...
linking...
Program Size: Code=784 RO-data=16 RW-data=0 ZI-data=1256  
FromELF: creating hex file...
"RevisedSegment.axf" - 0 Error(s), 0 Warning(s).
Build target 'Target 1'
compiling RevisedSegment.c...
RevisedSegment.c(8): warning:  #177-D: variable "j" was declared but never referenced
RevisedSegment.c:   {      int i,j,b[10],a[10];
RevisedSegment.c:                ^
RevisedSegment.c(8): warning:  #177-D: variable "b" was declared but never referenced
RevisedSegment.c:   {      int i,j,b[10],a[10];
RevisedSegment.c:                  ^
RevisedSegment.c: RevisedSegment.c: 2 warnings, 0 errors
linking...
Program Size: Code=688 RO-data=16 RW-data=0 ZI-data=1256  
FromELF: creating hex file...
"RevisedSegment.axf" - 0 Error(s), 2 Warning(s).
Build target 'Target 1'
compiling RevisedSegment.c...
RevisedSegment.c(8): warning:  #177-D: variable "j" was declared but never referenced
RevisedSegment.c:   {      int i,j,b[10],a[10];
RevisedSegment.c:                ^
RevisedSegment.c(8): warning:  #177-D: variable "b" was declared but never referenced
RevisedSegment.c:   {      int i,j,b[10],a[10];
RevisedSegment.c:                  ^
RevisedSegment.c: RevisedSegment.c: 2 warnings, 0 errors
linking...
Program Size: Code=696 RO-data=16 RW-data=0 ZI-data=1256  
FromELF: creating hex file...
"RevisedSegment.axf" - 0 Error(s), 2 Warning(s).
Build target 'Target 1'
compiling RevisedSegment.c...
RevisedSegment.c(8): warning:  #177-D: variable "j" was declared but never referenced
RevisedSegment.c:   {      int i,j,b[10],a[10];
RevisedSegment.c:                ^
RevisedSegment.c(8): warning:  #177-D: variable "b" was declared but never referenced
RevisedSegment.c:   {      int i,j,b[10],a[10];
RevisedSegment.c:                  ^
RevisedSegment.c: RevisedSegment.c: 2 warnings, 0 errors
linking...
Program Size: Code=684 RO-data=16 RW-data=0 ZI-data=1256  
FromELF: creating hex file...
"RevisedSegment.axf" - 0 Error(s), 2 Warning(s).
Build target 'Target 1'
compiling RevisedSegment.c...
RevisedSegment.c(8): warning:  #177-D: variable "j" was declared but never referenced
RevisedSegment.c:   {      int i,j,b[10],a[10];
RevisedSegment.c:                ^
RevisedSegment.c(8): warning:  #177-D: variable "b" was declared but never referenced
RevisedSegment.c:   {      int i,j,b[10],a[10];
RevisedSegment.c:                  ^
RevisedSegment.c: RevisedSegment.c: 2 warnings, 0 errors
linking...
Program Size: Code=696 RO-data=16 RW-data=0 ZI-data=1256  
FromELF: creating hex file...
"RevisedSegment.axf" - 0 Error(s), 2 Warning(s).
Build target 'Target 1'
compiling RevisedSegment.c...
RevisedSegment.c(8): warning:  #177-D: variable "j" was declared but never referenced
RevisedSegment.c:   {      int i,j,b[10],a[10];
RevisedSegment.c:                ^
RevisedSegment.c(8): warning:  #177-D: variable "b" was declared but never referenced
RevisedSegment.c:   {      int i,j,b[10],a[10];
RevisedSegment.c:                  ^
RevisedSegment.c: RevisedSegment.c: 2 warnings, 0 errors
linking...
Program Size: Code=696 RO-data=16 RW-data=0 ZI-data=1256  
FromELF: creating hex file...
"RevisedSegment.axf" - 0 Error(s), 2 Warning(s).
Build target 'Target 1'
compiling RevisedSegment.c...
RevisedSegment.c(8): warning:  #177-D: variable "j" was declared but never referenced
RevisedSegment.c:   {      int i,j,b[10],a[10];
RevisedSegment.c:                ^
RevisedSegment.c(8): warning:  #177-D: variable "b" was declared but never referenced
RevisedSegment.c:   {      int i,j,b[10],a[10];
RevisedSegment.c:                  ^
RevisedSegment.c: RevisedSegment.c: 2 warnings, 0 errors
linking...
Program Size: Code=696 RO-data=16 RW-data=0 ZI-data=1256  
FromELF: creating hex file...
"RevisedSegment.axf" - 0 Error(s), 2 Warning(s).
Build target 'Target 1'
compiling RevisedSegment.c...
RevisedSegment.c(8): warning:  #177-D: variable "j" was declared but never referenced
RevisedSegment.c:   {      int i,j,b[10],a[10];
RevisedSegment.c:                ^
RevisedSegment.c(8): warning:  #177-D: variable "b" was declared but never referenced
RevisedSegment.c:   {      int i,j,b[10],a[10];
RevisedSegment.c:                  ^
RevisedSegment.c: RevisedSegment.c: 2 warnings, 0 errors
linking...
Program Size: Code=712 RO-data=16 RW-data=0 ZI-data=1256  
FromELF: creating hex file...
"RevisedSegment.axf" - 0 Error(s), 2 Warning(s).
Build target 'Target 1'
compiling RevisedSegment.c...
RevisedSegment.c(8): warning:  #177-D: variable "j" was declared but never referenced
RevisedSegment.c:   {      int i,j,b[10],a[10];
RevisedSegment.c:                ^
RevisedSegment.c(8): warning:  #177-D: variable "b" was declared but never referenced
RevisedSegment.c:   {      int i,j,b[10],a[10];
RevisedSegment.c:                  ^
RevisedSegment.c: RevisedSegment.c: 2 warnings, 0 errors
linking...
Program Size: Code=684 RO-data=16 RW-data=0 ZI-data=1256  
FromELF: creating hex file...
"RevisedSegment.axf" - 0 Error(s), 2 Warning(s).
Build target 'Target 1'
compiling RevisedSegment.c...
RevisedSegment.c(8): warning:  #177-D: variable "j" was declared but never referenced
RevisedSegment.c:   {      int i,j,b[10],a[10];
RevisedSegment.c:                ^
RevisedSegment.c(8): warning:  #177-D: variable "b" was declared but never referenced
RevisedSegment.c:   {      int i,j,b[10],a[10];
RevisedSegment.c:                  ^
RevisedSegment.c: RevisedSegment.c: 2 warnings, 0 errors
linking...
Program Size: Code=684 RO-data=16 RW-data=0 ZI-data=1256  
FromELF: creating hex file...
"RevisedSegment.axf" - 0 Error(s), 2 Warning(s).
Build target 'Target 1'
compiling RevisedSegment.c...
RevisedSegment.c(8): warning:  #177-D: variable "j" was declared but never referenced
RevisedSegment.c:   {      int i,j,b[10],a[10];
RevisedSegment.c:                ^
RevisedSegment.c(8): warning:  #177-D: variable "b" was declared but never referenced
RevisedSegment.c:   {      int i,j,b[10],a[10];
RevisedSegment.c:                  ^
RevisedSegment.c: RevisedSegment.c: 2 warnings, 0 errors
linking...
Program Size: Code=676 RO-data=16 RW-data=0 ZI-data=1256  
FromELF: creating hex file...
"RevisedSegment.axf" - 0 Error(s), 2 Warning(s).
Build target 'Target 1'
compiling RevisedSegment.c...
linking...
Program Size: Code=768 RO-data=16 RW-data=0 ZI-data=1256  
FromELF: creating hex file...
"RevisedSegment.axf" - 0 Error(s), 0 Warning(s).
Build target 'Target 1'
compiling RevisedSegment.c...
RevisedSegment.c(8): warning:  #177-D: variable "j" was declared but never referenced
RevisedSegment.c:   {      int i,j,b[10],a[10];
RevisedSegment.c:                ^
RevisedSegment.c(8): warning:  #177-D: variable "b" was declared but never referenced
RevisedSegment.c:   {      int i,j,b[10],a[10];
RevisedSegment.c:                  ^
RevisedSegment.c: RevisedSegment.c: 2 warnings, 0 errors
linking...
Program Size: Code=676 RO-data=16 RW-data=0 ZI-data=1256  
FromELF: creating hex file...
"RevisedSegment.axf" - 0 Error(s), 2 Warning(s).
Build target 'Target 1'
compiling RevisedSegment.c...
RevisedSegment.c(26): error:  #20: identifier "J" is undefined
RevisedSegment.c:                         IOSET0=a[J];
RevisedSegment.c:                                  ^
RevisedSegment.c(8): warning:  #177-D: variable "b" was declared but never referenced
RevisedSegment.c:   {      int i,j,b[10],a[10];
RevisedSegment.c:                  ^
RevisedSegment.c: RevisedSegment.c: 1 warning, 1 error
Target not created
Build target 'Target 1'
compiling RevisedSegment.c...
RevisedSegment.c(8): warning:  #177-D: variable "b" was declared but never referenced
RevisedSegment.c:   {      int i,j,b[10],a[10];
RevisedSegment.c:                  ^
RevisedSegment.c: RevisedSegment.c: 1 warning, 0 errors
linking...
Program Size: Code=760 RO-data=16 RW-data=0 ZI-data=1256  
FromELF: creating hex file...
"RevisedSegment.axf" - 0 Error(s), 1 Warning(s).
Build target 'Target 1'
linking...
Program Size: Code=760 RO-data=16 RW-data=0 ZI-data=1256  
FromELF: creating hex file...
"RevisedSegment.axf" - 0 Error(s), 0 Warning(s).
Build target 'Target 1'
compiling RevisedSegment.c...
RevisedSegment.c(8): warning:  #177-D: variable "b" was declared but never referenced
RevisedSegment.c:   {      int i,j,b[10],a[10];
RevisedSegment.c:                  ^
RevisedSegment.c: RevisedSegment.c: 1 warning, 0 errors
linking...
Program Size: Code=752 RO-data=16 RW-data=0 ZI-data=1256  
FromELF: creating hex file...
"RevisedSegment.axf" - 0 Error(s), 1 Warning(s).
Build target 'Target 1'
linking...
Program Size: Code=752 RO-data=16 RW-data=0 ZI-data=1256  
FromELF: creating hex file...
"RevisedSegment.axf" - 0 Error(s), 0 Warning(s).
Build target 'Target 1'
compiling RevisedSegment.c...
RevisedSegment.c(8): warning:  #177-D: variable "b" was declared but never referenced
RevisedSegment.c:   {      int i,j,b[10],a[10];
RevisedSegment.c:                  ^
RevisedSegment.c: RevisedSegment.c: 1 warning, 0 errors
linking...
Program Size: Code=736 RO-data=16 RW-data=0 ZI-data=1256  
FromELF: creating hex file...
"RevisedSegment.axf" - 0 Error(s), 1 Warning(s).
Build target 'Target 1'
compiling RevisedSegment.c...
RevisedSegment.c(8): warning:  #177-D: variable "b" was declared but never referenced
RevisedSegment.c:   {      int i,j,b[10],a[10];
RevisedSegment.c:                  ^
RevisedSegment.c: RevisedSegment.c: 1 warning, 0 errors
linking...
Program Size: Code=752 RO-data=16 RW-data=0 ZI-data=1256  
FromELF: creating hex file...
"RevisedSegment.axf" - 0 Error(s), 1 Warning(s).
Build target 'Target 1'
compiling RevisedSegment.c...
RevisedSegment.c(8): warning:  #177-D: variable "b" was declared but never referenced
RevisedSegment.c:   {      int i,j,b[10],a[10];
RevisedSegment.c:                  ^
RevisedSegment.c: RevisedSegment.c: 1 warning, 0 errors
linking...
Program Size: Code=740 RO-data=16 RW-data=0 ZI-data=1256  
FromELF: creating hex file...
"RevisedSegment.axf" - 0 Error(s), 1 Warning(s).
Build target 'Target 1'
compiling RevisedSegment.c...
RevisedSegment.c(8): warning:  #177-D: variable "b" was declared but never referenced
RevisedSegment.c:   {      int i,j,b[10],a[10];
RevisedSegment.c:                  ^
RevisedSegment.c: RevisedSegment.c: 1 warning, 0 errors
linking...
Program Size: Code=752 RO-data=16 RW-data=0 ZI-data=1256  
FromELF: creating hex file...
"RevisedSegment.axf" - 0 Error(s), 1 Warning(s).
Build target 'Target 1'
compiling RevisedSegment.c...
RevisedSegment.c(8): warning:  #177-D: variable "b" was declared but never referenced
RevisedSegment.c:   {      int i,j,b[10],a[10];
RevisedSegment.c:                  ^
RevisedSegment.c: RevisedSegment.c: 1 warning, 0 errors
linking...
Program Size: Code=752 RO-data=16 RW-data=0 ZI-data=1256  
FromELF: creating hex file...
"RevisedSegment.axf" - 0 Error(s), 1 Warning(s).
Build target 'Target 1'
compiling RevisedSegment.c...
linking...
Program Size: Code=752 RO-data=16 RW-data=0 ZI-data=1256  
FromELF: creating hex file...
"RevisedSegment.axf" - 0 Error(s), 0 Warning(s).
Build target 'Target 1'
compiling RevisedSegment.c...
linking...
Program Size: Code=748 RO-data=16 RW-data=0 ZI-data=1256  
FromELF: creating hex file...
"RevisedSegment.axf" - 0 Error(s), 0 Warning(s).
Build target 'Target 1'
compiling RevisedSegment.c...
linking...
Program Size: Code=752 RO-data=16 RW-data=0 ZI-data=1256  
FromELF: creating hex file...
"RevisedSegment.axf" - 0 Error(s), 0 Warning(s).
Build target 'Target 1'
compiling RevisedSegment.c...
linking...
Program Size: Code=736 RO-data=16 RW-data=0 ZI-data=1256  
FromELF: creating hex file...
"RevisedSegment.axf" - 0 Error(s), 0 Warning(s).
Build target 'Target 1'
compiling RevisedSegment.c...
linking...
Program Size: Code=752 RO-data=16 RW-data=0 ZI-data=1256  
FromELF: creating hex file...
"RevisedSegment.axf" - 0 Error(s), 0 Warning(s).
Build target 'Target 1'
compiling RevisedSegment.c...
RevisedSegment.c(39): error:  #20: identifier "IOSET" is undefined
RevisedSegment.c:               IOSET=a[2];
RevisedSegment.c:               ^
RevisedSegment.c(8): warning:  #177-D: variable "i" was declared but never referenced
RevisedSegment.c:   {      int i,j,a[10];
RevisedSegment.c:              ^
RevisedSegment.c(8): warning:  #177-D: variable "j" was declared but never referenced
RevisedSegment.c:   {      int i,j,a[10];
RevisedSegment.c:                ^
RevisedSegment.c: RevisedSegment.c: 2 warnings, 1 error
Target not created
Build target 'Target 1'
compiling RevisedSegment.c...
RevisedSegment.c(8): warning:  #177-D: variable "i" was declared but never referenced
RevisedSegment.c:   {      int i,j,a[10];
RevisedSegment.c:              ^
RevisedSegment.c(8): warning:  #177-D: variable "j" was declared but never referenced
RevisedSegment.c:   {      int i,j,a[10];
RevisedSegment.c:                ^
RevisedSegment.c: RevisedSegment.c: 2 warnings, 0 errors
linking...
Program Size: Code=712 RO-data=16 RW-data=0 ZI-data=1256  
FromELF: creating hex file...
"RevisedSegment.axf" - 0 Error(s), 2 Warning(s).
Build target 'Target 1'
compiling RevisedSegment.c...
RevisedSegment.c(8): warning:  #177-D: variable "i" was declared but never referenced
RevisedSegment.c:   {      int i,j,a[10];
RevisedSegment.c:              ^
RevisedSegment.c(8): warning:  #177-D: variable "j" was declared but never referenced
RevisedSegment.c:   {      int i,j,a[10];
RevisedSegment.c:                ^
RevisedSegment.c: RevisedSegment.c: 2 warnings, 0 errors
linking...
Program Size: Code=704 RO-data=16 RW-data=0 ZI-data=1256  
FromELF: creating hex file...
"RevisedSegment.axf" - 0 Error(s), 2 Warning(s).
Build target 'Target 1'
compiling RevisedSegment.c...
RevisedSegment.c(8): warning:  #177-D: variable "i" was declared but never referenced
RevisedSegment.c:   {      int i,j,a[10];
RevisedSegment.c:              ^
RevisedSegment.c(8): warning:  #177-D: variable "j" was declared but never referenced
RevisedSegment.c:   {      int i,j,a[10];
RevisedSegment.c:                ^
RevisedSegment.c: RevisedSegment.c: 2 warnings, 0 errors
linking...
Program Size: Code=696 RO-data=16 RW-data=0 ZI-data=1256  
FromELF: creating hex file...
"RevisedSegment.axf" - 0 Error(s), 2 Warning(s).
Build target 'Target 1'
compiling RevisedSegment.c...
linking...
Program Size: Code=752 RO-data=16 RW-data=0 ZI-data=1256  
FromELF: creating hex file...
"RevisedSegment.axf" - 0 Error(s), 0 Warning(s).
Build target 'Target 1'
compiling RevisedSegment.c...
linking...
Program Size: Code=764 RO-data=16 RW-data=0 ZI-data=1256  
FromELF: creating hex file...
"RevisedSegment.axf" - 0 Error(s), 0 Warning(s).
Build target 'Target 1'
compiling RevisedSegment.c...
RevisedSegment.c(27): error:  #20: identifier "k" is undefined
RevisedSegment.c:                         for(k=0;k<5000;k++)   
RevisedSegment.c:                             ^
RevisedSegment.c: RevisedSegment.c: 0 warnings, 1 error
Target not created
Build target 'Target 1'
compiling RevisedSegment.c...
linking...
Program Size: Code=760 RO-data=16 RW-data=0 ZI-data=1256  
FromELF: creating hex file...
"RevisedSegment.axf" - 0 Error(s), 0 Warning(s).
Build target 'Target 1'
compiling RevisedSegment.c...
linking...
Program Size: Code=760 RO-data=16 RW-data=0 ZI-data=1256  
FromELF: creating hex file...
"RevisedSegment.axf" - 0 Error(s), 0 Warning(s).
Build target 'Target 1'
compiling RevisedSegment.c...
linking...
Program Size: Code=744 RO-data=16 RW-data=0 ZI-data=1256  
FromELF: creating hex file...
"RevisedSegment.axf" - 0 Error(s), 0 Warning(s).
Build target 'Target 1'
linking...
Program Size: Code=744 RO-data=16 RW-data=0 ZI-data=1256  
FromELF: creating hex file...
"RevisedSegment.axf" - 0 Error(s), 0 Warning(s).
Build target 'Target 1'
compiling RevisedSegment.c...
RevisedSegment.c(40): error: At end of source:  #67: expected a "}"
RevisedSegment.c: RevisedSegment.c: 0 warnings, 1 error
Target not created
Build target 'Target 1'
compiling RevisedSegment.c...
linking...
Program Size: Code=736 RO-data=16 RW-data=0 ZI-data=1256  
FromELF: creating hex file...
"RevisedSegment.axf" - 0 Error(s), 0 Warning(s).
Build target 'Target 1'
compiling RevisedSegment.c...
linking...
Program Size: Code=764 RO-data=16 RW-data=0 ZI-data=1256  
FromELF: creating hex file...
"RevisedSegment.axf" - 0 Error(s), 0 Warning(s).
Build target 'Target 1'
compiling RevisedSegment.c...
linking...
Program Size: Code=784 RO-data=16 RW-data=0 ZI-data=1256  
FromELF: creating hex file...
"RevisedSegment.axf" - 0 Error(s), 0 Warning(s).
Build target 'Target 1'
compiling RevisedSegment.c...
linking...
Program Size: Code=784 RO-data=16 RW-data=0 ZI-data=1256  
FromELF: creating hex file...
"RevisedSegment.axf" - 0 Error(s), 0 Warning(s).
Build target 'Target 1'
compiling RevisedSegment.c...
linking...
Program Size: Code=784 RO-data=16 RW-data=0 ZI-data=1256  
FromELF: creating hex file...
"RevisedSegment.axf" - 0 Error(s), 0 Warning(s).
Build target 'Target 1'
compiling RevisedSegment.c...
linking...
Program Size: Code=792 RO-data=16 RW-data=0 ZI-data=1256  
FromELF: creating hex file...
"RevisedSegment.axf" - 0 Error(s), 0 Warning(s).
Build target 'Target 1'
compiling RevisedSegment.c...
linking...
Program Size: Code=772 RO-data=16 RW-data=0 ZI-data=1256  
FromELF: creating hex file...
"RevisedSegment.axf" - 0 Error(s), 0 Warning(s).
Build target 'Target 1'
compiling RevisedSegment.c...
RevisedSegment.c(8): warning:  #177-D: variable "k" was declared but never referenced
RevisedSegment.c:   {      int i,j,k,m,a[10];
RevisedSegment.c:                  ^
RevisedSegment.c(42): error: At end of source:  #67: expected a "}"
RevisedSegment.c: RevisedSegment.c: 1 warning, 1 error
Target not created
Build target 'Target 1'
compiling RevisedSegment.c...
RevisedSegment.c(8): warning:  #177-D: variable "k" was declared but never referenced
RevisedSegment.c:   {      int i,j,k,m,a[10];
RevisedSegment.c:                  ^
RevisedSegment.c: RevisedSegment.c: 1 warning, 0 errors
linking...
Program Size: Code=760 RO-data=16 RW-data=0 ZI-data=1256  
FromELF: creating hex file...
"RevisedSegment.axf" - 0 Error(s), 1 Warning(s).
Build target 'Target 1'
compiling RevisedSegment.c...
RevisedSegment.c(8): warning:  #177-D: variable "k" was declared but never referenced
RevisedSegment.c:   {      int i,j,k,m,a[10];
RevisedSegment.c:                  ^
RevisedSegment.c: RevisedSegment.c: 1 warning, 0 errors
linking...
Program Size: Code=772 RO-data=16 RW-data=0 ZI-data=1256  
FromELF: creating hex file...
"RevisedSegment.axf" - 0 Error(s), 1 Warning(s).
Build target 'Target 1'
compiling RevisedSegment.c...
RevisedSegment.c(8): warning:  #177-D: variable "k" was declared but never referenced
RevisedSegment.c:   {      int i,j,k,m,a[10];
RevisedSegment.c:                  ^
RevisedSegment.c: RevisedSegment.c: 1 warning, 0 errors
linking...
Program Size: Code=772 RO-data=16 RW-data=0 ZI-data=1256  
FromELF: creating hex file...
"RevisedSegment.axf" - 0 Error(s), 1 Warning(s).
Build target 'Target 1'
compiling RevisedSegment.c...
RevisedSegment.c(8): warning:  #177-D: variable "k" was declared but never referenced
RevisedSegment.c:   {      int i,j,k,m,a[10];
RevisedSegment.c:                  ^
RevisedSegment.c: RevisedSegment.c: 1 warning, 0 errors
linking...
Program Size: Code=784 RO-data=16 RW-data=0 ZI-data=1256  
FromELF: creating hex file...
"RevisedSegment.axf" - 0 Error(s), 1 Warning(s).
Build target 'Target 1'
compiling RevisedSegment.c...
RevisedSegment.c(8): warning:  #177-D: variable "k" was declared but never referenced
RevisedSegment.c:   {      int i,j,k,m,a[10];
RevisedSegment.c:                  ^
RevisedSegment.c: RevisedSegment.c: 1 warning, 0 errors
linking...
Program Size: Code=788 RO-data=16 RW-data=0 ZI-data=1256  
FromELF: creating hex file...
"RevisedSegment.axf" - 0 Error(s), 1 Warning(s).
Build target 'Target 1'
compiling RevisedSegment.c...
RevisedSegment.c(8): warning:  #177-D: variable "k" was declared but never referenced
RevisedSegment.c:   {      int i,j,k,m,a[10];
RevisedSegment.c:                  ^
RevisedSegment.c: RevisedSegment.c: 1 warning, 0 errors
linking...
Program Size: Code=788 RO-data=16 RW-data=0 ZI-data=1256  
FromELF: creating hex file...
"RevisedSegment.axf" - 0 Error(s), 1 Warning(s).
Build target 'Target 1'
compiling RevisedSegment.c...
RevisedSegment.c(8): warning:  #177-D: variable "k" was declared but never referenced
RevisedSegment.c:   {      int i,j,k,m,a[10];
RevisedSegment.c:                  ^
RevisedSegment.c: RevisedSegment.c: 1 warning, 0 errors
linking...
Program Size: Code=788 RO-data=16 RW-data=0 ZI-data=1256  
FromELF: creating hex file...
"RevisedSegment.axf" - 0 Error(s), 1 Warning(s).
Build target 'Target 1'
compiling RevisedSegment.c...
RevisedSegment.c(8): warning:  #177-D: variable "k" was declared but never referenced
RevisedSegment.c:   {      int i,j,k,m,a[10];
RevisedSegment.c:                  ^
RevisedSegment.c: RevisedSegment.c: 1 warning, 0 errors
linking...
Program Size: Code=800 RO-data=16 RW-data=0 ZI-data=1256  
FromELF: creating hex file...
"RevisedSegment.axf" - 0 Error(s), 1 Warning(s).
