<html>
<body>
<pre>
<h1>µVision Build Log</h1>
<h2>Project:</h2>
C:\Users\anjani\Documents\Reflect\7Segment.uvproj
Project File Date:  12/15/2015

<h2>Output:</h2>
Build target 'Target 1'
compiling 7Segment.c...
7Segment.c(4): error:  #29: expected an expression
7Segment.c:     for(int i=0;i<50000;i++);
7Segment.c:         ^
7Segment.c(4): error:  #20: identifier "i" is undefined
7Segment.c:     for(int i=0;i<50000;i++);
7Segment.c:                 ^
7Segment.c(6): warning:  #951-D: return type of function "main" must be "int"
7Segment.c:   void main()
7Segment.c:        ^
7Segment.c(19): error:  #20: identifier "IOCLE0" is undefined
7Segment.c:             IOSET0=~(1<<1);                                                    delay();                     IOCLE0=~(1<<1);                 
7Segment.c:                                                                                                             ^
7Segment.c(8): warning:  #177-D: variable "i" was declared but never referenced
7Segment.c:     unsigned int i;
7Segment.c:                  ^
7Segment.c: 7Segment.c: 2 warnings, 3 errors
Target not created
Build target 'Target 1'
compiling 7Segment.c...
7Segment.c(4): error:  #29: expected an expression
7Segment.c:     for(int i=0;i<50000;i++);
7Segment.c:         ^
7Segment.c(4): error:  #20: identifier "i" is undefined
7Segment.c:     for(int i=0;i<50000;i++);
7Segment.c:                 ^
7Segment.c(6): warning:  #951-D: return type of function "main" must be "int"
7Segment.c:   void main()
7Segment.c:        ^
7Segment.c: 7Segment.c: 1 warning, 2 errors
Target not created
Build target 'Target 1'
compiling 7Segment.c...
linking...
Program Size: Code=804 RO-data=16 RW-data=0 ZI-data=96  
FromELF: creating hex file...
"7Segment.axf" - 0 Error(s), 0 Warning(s).
Build target 'Target 1'
compiling 7Segment.c...
linking...
Program Size: Code=804 RO-data=16 RW-data=0 ZI-data=96  
FromELF: creating hex file...
"7Segment.axf" - 0 Error(s), 0 Warning(s).
Build target 'Target 1'
compiling 7Segment.c...
linking...
Program Size: Code=804 RO-data=16 RW-data=0 ZI-data=96  
FromELF: creating hex file...
"7Segment.axf" - 0 Error(s), 0 Warning(s).
Build target 'Target 1'
compiling 7Segment.c...
linking...
Program Size: Code=804 RO-data=16 RW-data=0 ZI-data=96  
FromELF: creating hex file...
"7Segment.axf" - 0 Error(s), 0 Warning(s).
Build target 'Target 1'
compiling 7Segment.c...
linking...
Program Size: Code=612 RO-data=16 RW-data=0 ZI-data=96  
FromELF: creating hex file...
"7Segment.axf" - 0 Error(s), 0 Warning(s).
Build target 'Target 1'
compiling 7Segment.c...
linking...
Program Size: Code=616 RO-data=16 RW-data=0 ZI-data=96  
FromELF: creating hex file...
"7Segment.axf" - 0 Error(s), 0 Warning(s).
Build target 'Target 1'
compiling 7Segment.c...
linking...
Program Size: Code=832 RO-data=16 RW-data=0 ZI-data=96  
FromELF: creating hex file...
"7Segment.axf" - 0 Error(s), 0 Warning(s).
