<html>
<body>
<pre>
<h1>µVision Build Log</h1>
<h2>Project:</h2>
C:\Users\anjani\Documents\Reflect\DoubleEdgePwm.uvproj
Project File Date:  12/20/2015

<h2>Output:</h2>
Build target 'Target 1'
compiling PWM_DoubleEdge.c...
PWM_DoubleEdge.c(18): warning:  #1-D: last line of file ends without a newline
PWM_DoubleEdge.c:   }
PWM_DoubleEdge.c:    ^
PWM_DoubleEdge.c: PWM_DoubleEdge.c: 1 warning, 0 errors
linking...
Program Size: Code=592 RO-data=16 RW-data=0 ZI-data=1256  
FromELF: creating hex file...
"DoubleEdgePwm.axf" - 0 Error(s), 1 Warning(s).
