<html>
<body>
<pre>
<h1>µVision Build Log</h1>
<h2>Project:</h2>
C:\Users\anjani\Documents\Reflect\TimerDelayWithoutTC0.uvproj
Project File Date:  12/17/2015

<h2>Output:</h2>
Build target 'Target 1'
compiling TimerDelayWithoutTC0.c...
linking...
Program Size: Code=628 RO-data=16 RW-data=0 ZI-data=1256  
FromELF: creating hex file...
"TimerDelayWithoutTC0.axf" - 0 Error(s), 0 Warning(s).
Build target 'Target 1'
compiling TimerDelayWithoutTC0.c...
linking...
Program Size: Code=628 RO-data=16 RW-data=0 ZI-data=1256  
FromELF: creating hex file...
"TimerDelayWithoutTC0.axf" - 0 Error(s), 0 Warning(s).
Build target 'Target 1'
compiling TimerDelayWithoutTC0.c...
linking...
Program Size: Code=668 RO-data=16 RW-data=0 ZI-data=1256  
FromELF: creating hex file...
"TimerDelayWithoutTC0.axf" - 0 Error(s), 0 Warning(s).
Build target 'Target 1'
compiling TimerDelayWithoutTC0.c...
linking...
Program Size: Code=680 RO-data=16 RW-data=0 ZI-data=1256  
FromELF: creating hex file...
"TimerDelayWithoutTC0.axf" - 0 Error(s), 0 Warning(s).
Build target 'Target 1'
compiling TimerDelayWithoutTC0.c...
linking...
Program Size: Code=688 RO-data=16 RW-data=0 ZI-data=1256  
FromELF: creating hex file...
"TimerDelayWithoutTC0.axf" - 0 Error(s), 0 Warning(s).
Build target 'Target 1'
assembling Startup.s...
compiling TimerDelayWithoutTC0.c...
linking...
Program Size: Code=680 RO-data=16 RW-data=0 ZI-data=1256  
FromELF: creating hex file...
"TimerDelayWithoutTC0.axf" - 0 Error(s), 0 Warning(s).
Build target 'Target 1'
assembling Startup.s...
compiling TimerDelayWithoutTC0.c...
linking...
Program Size: Code=680 RO-data=16 RW-data=0 ZI-data=1256  
FromELF: creating hex file...
"TimerDelayWithoutTC0.axf" - 0 Error(s), 0 Warning(s).
Build target 'Target 1'
assembling Startup.s...
compiling TimerDelayWithoutTC0.c...
linking...
Program Size: Code=676 RO-data=16 RW-data=0 ZI-data=1256  
FromELF: creating hex file...
"TimerDelayWithoutTC0.axf" - 0 Error(s), 0 Warning(s).
Build target 'Target 1'
assembling Startup.s...
compiling TimerDelayWithoutTC0.c...
TimerDelayWithoutTC0.c(14): error:  #137: expression must be a modifiable lvalue
TimerDelayWithoutTC0.c:       while((T0IR&0x01)=0x00); //MR0 flag will be called when Timer Counter reaches MR0
TimerDelayWithoutTC0.c:             ^
TimerDelayWithoutTC0.c: TimerDelayWithoutTC0.c: 0 warnings, 1 error
Target not created
Build target 'Target 1'
assembling Startup.s...
compiling TimerDelayWithoutTC0.c...
TimerDelayWithoutTC0.c(14): error:  #137: expression must be a modifiable lvalue
TimerDelayWithoutTC0.c:       while((T0IR&0x01)+=0x00); //MR0 flag will be called when Timer Counter reaches MR0
TimerDelayWithoutTC0.c:             ^
TimerDelayWithoutTC0.c: TimerDelayWithoutTC0.c: 0 warnings, 1 error
Target not created
Build target 'Target 1'
assembling Startup.s...
compiling TimerDelayWithoutTC0.c...
linking...
Program Size: Code=676 RO-data=16 RW-data=0 ZI-data=1256  
FromELF: creating hex file...
"TimerDelayWithoutTC0.axf" - 0 Error(s), 0 Warning(s).
Build target 'Target 1'
assembling Startup.s...
compiling TimerDelayWithoutTC0.c...
linking...
Program Size: Code=672 RO-data=16 RW-data=0 ZI-data=1256  
FromELF: creating hex file...
"TimerDelayWithoutTC0.axf" - 0 Error(s), 0 Warning(s).
Build target 'Target 1'
compiling TimerDelayWithoutTC0.c...
linking...
Program Size: Code=672 RO-data=16 RW-data=0 ZI-data=1256  
FromELF: creating hex file...
"TimerDelayWithoutTC0.axf" - 0 Error(s), 0 Warning(s).
Build target 'Target 1'
compiling TimerDelayWithoutTC0.c...
linking...
Program Size: Code=676 RO-data=16 RW-data=0 ZI-data=1256  
FromELF: creating hex file...
"TimerDelayWithoutTC0.axf" - 0 Error(s), 0 Warning(s).
Build target 'Target 1'
compiling TimerDelayWithoutTC0.c...
linking...
Program Size: Code=672 RO-data=16 RW-data=0 ZI-data=1256  
FromELF: creating hex file...
"TimerDelayWithoutTC0.axf" - 0 Error(s), 0 Warning(s).
Build target 'Target 1'
compiling TimerDelayWithoutTC0.c...
linking...
Program Size: Code=672 RO-data=16 RW-data=0 ZI-data=1256  
FromELF: creating hex file...
"TimerDelayWithoutTC0.axf" - 0 Error(s), 0 Warning(s).
