<html>
<body>
<pre>
<h1>µVision Build Log</h1>
<h2>Project:</h2>
C:\Users\anjani\Documents\Reflect\TimerDelay.uvproj
Project File Date:  12/17/2015

<h2>Output:</h2>
Build target 'Target 1'
compiling TimerDelay.c...
TimerDelay.c(7): error:  #20: identifier "TCR" is undefined
TimerDelay.c:        T0TCR=1<<TCR;   //T0 control register
TimerDelay.c:                 ^
TimerDelay.c(13): error:  #20: identifier "TOTC" is undefined
TimerDelay.c:              TOTC=0;
TimerDelay.c:              ^
TimerDelay.c: TimerDelay.c: 0 warnings, 2 errors
Target not created
Build target 'Target 1'
compiling TimerDelay.c...
TimerDelay.c(7): error:  #20: identifier "TCR" is undefined
TimerDelay.c:        T0TCR=1<<TCR;   //T0 control register
TimerDelay.c:                 ^
TimerDelay.c: TimerDelay.c: 0 warnings, 1 error
Target not created
Build target 'Target 1'
compiling TimerDelay.c...
TimerDelay.c(7): error:  #20: identifier "CTR" is undefined
TimerDelay.c:        T0TCR=1<<CTR;   //T0 control register
TimerDelay.c:                 ^
TimerDelay.c: TimerDelay.c: 0 warnings, 1 error
Target not created
Build target 'Target 1'
compiling TimerDelay.c...
TimerDelay.c(7): error:  #20: identifier "TCR" is undefined
TimerDelay.c:        T0TCR=1<<TCR;   //T0 control register
TimerDelay.c:                 ^
TimerDelay.c: TimerDelay.c: 0 warnings, 1 error
Target not created
Build target 'Target 1'
compiling TimerDelay.c...
linking...
Program Size: Code=628 RO-data=16 RW-data=0 ZI-data=1256  
FromELF: creating hex file...
"TimerDelay.axf" - 0 Error(s), 0 Warning(s).
Build target 'Target 1'
compiling TimerDelay.c...
linking...
Program Size: Code=628 RO-data=16 RW-data=0 ZI-data=1256  
FromELF: creating hex file...
"TimerDelay.axf" - 0 Error(s), 0 Warning(s).
Build target 'Target 1'
compiling TimerDelay.c...
linking...
Program Size: Code=628 RO-data=16 RW-data=0 ZI-data=1256  
FromELF: creating hex file...
"TimerDelay.axf" - 0 Error(s), 0 Warning(s).
Build target 'Target 1'
compiling TimerDelay.c...
linking...
Program Size: Code=628 RO-data=16 RW-data=0 ZI-data=1256  
FromELF: creating hex file...
"TimerDelay.axf" - 0 Error(s), 0 Warning(s).
Build target 'Target 1'
compiling TimerDelay.c...
linking...
Program Size: Code=628 RO-data=16 RW-data=0 ZI-data=1256  
FromELF: creating hex file...
"TimerDelay.axf" - 0 Error(s), 0 Warning(s).
Build target 'Target 1'
compiling TimerDelay.c...
linking...
Program Size: Code=624 RO-data=16 RW-data=0 ZI-data=1256  
FromELF: creating hex file...
"TimerDelay.axf" - 0 Error(s), 0 Warning(s).
Build target 'Target 1'
compiling TimerDelay.c...
linking...
Program Size: Code=628 RO-data=16 RW-data=0 ZI-data=1256  
FromELF: creating hex file...
"TimerDelay.axf" - 0 Error(s), 0 Warning(s).
Build target 'Target 1'
compiling TimerDelay.c...
linking...
Program Size: Code=632 RO-data=16 RW-data=0 ZI-data=1256  
FromELF: creating hex file...
"TimerDelay.axf" - 0 Error(s), 0 Warning(s).
Build target 'Target 1'
compiling TimerDelay.c...
linking...
Program Size: Code=628 RO-data=16 RW-data=0 ZI-data=1256  
FromELF: creating hex file...
"TimerDelay.axf" - 0 Error(s), 0 Warning(s).
Build target 'Target 1'
compiling TimerDelay.c...
linking...
Program Size: Code=624 RO-data=16 RW-data=0 ZI-data=1256  
FromELF: creating hex file...
"TimerDelay.axf" - 0 Error(s), 0 Warning(s).
Build target 'Target 1'
compiling TimerDelay.c...
linking...
Program Size: Code=624 RO-data=16 RW-data=0 ZI-data=1256  
FromELF: creating hex file...
"TimerDelay.axf" - 0 Error(s), 0 Warning(s).
Build target 'Target 1'
compiling TimerDelay.c...
linking...
Program Size: Code=628 RO-data=16 RW-data=0 ZI-data=1256  
FromELF: creating hex file...
"TimerDelay.axf" - 0 Error(s), 0 Warning(s).
Build target 'Target 1'
compiling TimerDelay.c...
linking...
Program Size: Code=632 RO-data=16 RW-data=0 ZI-data=1256  
FromELF: creating hex file...
"TimerDelay.axf" - 0 Error(s), 0 Warning(s).
Build target 'Target 1'
compiling TimerDelay.c...
linking...
Program Size: Code=632 RO-data=16 RW-data=0 ZI-data=1256  
FromELF: creating hex file...
"TimerDelay.axf" - 0 Error(s), 0 Warning(s).
Build target 'Target 1'
compiling TimerDelay.c...
linking...
Program Size: Code=624 RO-data=16 RW-data=0 ZI-data=1256  
FromELF: creating hex file...
"TimerDelay.axf" - 0 Error(s), 0 Warning(s).
Build target 'Target 1'
compiling TimerDelay.c...
linking...
Program Size: Code=628 RO-data=16 RW-data=0 ZI-data=1256  
FromELF: creating hex file...
"TimerDelay.axf" - 0 Error(s), 0 Warning(s).
Build target 'Target 1'
compiling TimerDelay.c...
linking...
Program Size: Code=628 RO-data=16 RW-data=0 ZI-data=1256  
FromELF: creating hex file...
"TimerDelay.axf" - 0 Error(s), 0 Warning(s).
Build target 'Target 1'
compiling TimerDelay.c...
linking...
Program Size: Code=628 RO-data=16 RW-data=0 ZI-data=1256  
FromELF: creating hex file...
"TimerDelay.axf" - 0 Error(s), 0 Warning(s).
Build target 'Target 1'
compiling TimerDelay.c...
linking...
Program Size: Code=628 RO-data=16 RW-data=0 ZI-data=1256  
FromELF: creating hex file...
"TimerDelay.axf" - 0 Error(s), 0 Warning(s).
Build target 'Target 1'
compiling TimerDelay.c...
linking...
Program Size: Code=628 RO-data=16 RW-data=0 ZI-data=1256  
FromELF: creating hex file...
"TimerDelay.axf" - 0 Error(s), 0 Warning(s).
Build target 'Target 1'
compiling TimerDelay.c...
linking...
Program Size: Code=628 RO-data=16 RW-data=0 ZI-data=1256  
FromELF: creating hex file...
"TimerDelay.axf" - 0 Error(s), 0 Warning(s).
Build target 'Target 1'
compiling TimerDelay.c...
linking...
Program Size: Code=628 RO-data=16 RW-data=0 ZI-data=1256  
FromELF: creating hex file...
"TimerDelay.axf" - 0 Error(s), 0 Warning(s).
Build target 'Target 1'
compiling TimerDelay.c...
TimerDelay.c(10): error:  #20: identifier "MR0" is undefined
TimerDelay.c:           T0MCR=(1<<MR0);
TimerDelay.c:                     ^
TimerDelay.c: TimerDelay.c: 0 warnings, 1 error
Target not created
Build target 'Target 1'
compiling TimerDelay.c...
compiling TimerDelay1.c...
TimerDelay1.c(11): error:  #109: expression must have (pointer-to-) function type
TimerDelay1.c:          IOSET0=0xff
TimerDelay1.c:                 ^
TimerDelay1.c: TimerDelay1.c: 0 warnings, 1 error
Target not created
Build target 'Target 1'
compiling TimerDelay1.c...
linking...
TimerDelay.axf: Error: L6200E: Symbol __ARM_use_no_argv multiply defined (by timerdelay1.o and timerdelay.o).
TimerDelay.axf: Error: L6200E: Symbol main multiply defined (by timerdelay1.o and timerdelay.o).
TimerDelay.axf: Not enough information to list image symbols.
TimerDelay.axf: Not enough information to list the image map.
TimerDelay.axf: Finished: 2 information, 0 warning and 2 error messages.
Target not created
